// Jest Snapshot v1, https://goo.gl/fbAQLP

exports[`Tooltip renders correctly 1`] = `
.c3 {
  position: absolute;
  width: 8px;
  height: 8px;
  background: #286090;
  -webkit-transform: translateX(-50%) translateY(-50%) rotateZ(45deg);
  -ms-transform: translateX(-50%) translateY(-50%) rotateZ(45deg);
  transform: translateX(-50%) translateY(-50%) rotateZ(45deg);
  top: 100%;
  left: 50%;
  border-right: 1px solid;
  border-bottom: 1px solid;
}

.c1 {
  position: absolute;
  width: -webkit-max-content;
  width: -moz-max-content;
  width: max-content;
  white-space: pre-line;
  -webkit-animation: 150ms linear 0s 1 bcCCNc;
  animation: 150ms linear 0s 1 bcCCNc;
  z-index: 1;
  bottom: 100%;
  left: 50%;
  -webkit-transform: translateX(-50%);
  -ms-transform: translateX(-50%);
  transform: translateX(-50%);
  margin-bottom: 8px;
}

.c2 {
  color: #fff;
  background: #286090;
  border-radius: 0.3em;
  border: 1px solid;
  padding: 0.7rem;
  font-size: 0.875rem;
  font-family: inherit;
  line-height: 1.4;
}

.c0 {
  position: relative;
  display: inline-block;
}

<div
  className="c0"
  style={Object {}}
>
  <div
    className="c1"
    offset={8}
  >
    <div
      className="c2"
      color=""
      fontFamily="inherit"
      fontSize={null}
      radius={0}
    >
      <div
        className="c3"
        width={8}
      />
    </div>
  </div>
</div>
`;
