// Jest Snapshot v1, https://goo.gl/fbAQLP

exports[`Loader renders correctly 1`] = `
.c0 {
  border-radius: 50%;
  width: 6em;
  height: 6em;
  font-size: 10px;
  border: 1.1em solid rgba(7,170,230,0.2);
  border-left: 1.1em solid #07AAE6;
  -webkit-animation: iECmZH 0.8s infinite linear;
  animation: iECmZH 0.8s infinite linear;
}

.c0::after {
  width: 8em;
  height: 8em;
}

<div
  className="c0"
/>
`;
