// Jest Snapshot v1, https://goo.gl/fbAQLP

exports[`UserMenu renders correctly 1`] = `
.c1 {
  border-radius: 50%;
  height: 30px;
  width: 30px;
}

.c2 {
  -webkit-align-items: center;
  -webkit-box-align: center;
  -ms-flex-align: center;
  align-items: center;
  background: transparent;
  border-radius: 50%;
  display: -webkit-box;
  display: -webkit-flex;
  display: -ms-flexbox;
  display: flex;
  height: 30px;
  -webkit-box-pack: center;
  -webkit-justify-content: center;
  -ms-flex-pack: center;
  justify-content: center;
  min-width: 30px;
  -webkit-transition: all 0.5s ease;
  transition: all 0.5s ease;
}

.c2:hover {
  background: #F6F8FB;
}

.c3 {
  border: solid #b9c1cb;
  border-width: 1px 0 0 1px;
  display: inline-block;
  padding: 4px;
  -webkit-transform: rotate(-135deg);
  -ms-transform: rotate(-135deg);
  transform: rotate(-135deg);
  -webkit-transition: all 0.5s ease;
  transition: all 0.5s ease;
}

.c0 {
  -webkit-align-items: center;
  -webkit-box-align: center;
  -ms-flex-align: center;
  align-items: center;
  cursor: pointer;
  display: -webkit-box;
  display: -webkit-flex;
  display: -ms-flexbox;
  display: flex;
  -webkit-box-pack: justify;
  -webkit-justify-content: space-between;
  -ms-flex-pack: justify;
  justify-content: space-between;
  max-width: 10%;
  position: relative;
}

<div
  className="c0"
  onClick={[Function]}
>
  <img
    className="c1"
  />
  <div
    className="c2"
  >
    <i
      className="c3"
      open={false}
    />
  </div>
</div>
`;
