// Jest Snapshot v1, https://goo.gl/fbAQLP

exports[`Label renders correctly 1`] = `
.c0 {
  -webkit-text-decoration: none;
  text-decoration: none;
  font-weight: 300;
  cursor: pointer;
  vertical-align: middle;
  color: #44494e;
  -webkit-transition: all ease 300ms;
  transition: all ease 300ms;
  line-height: 20px;
  margin: 0 20px 0 -14px;
  left: 24px;
  position: relative;
}

.c0:hover {
  color: #a0a3aa;
}

.c0:disabled {
  color: #c8ccd4;
  cursor: default;
}

<label
  className="c0"
/>
`;
