// Jest Snapshot v1, https://goo.gl/fbAQLP

exports[`Button renders correctly 1`] = `
.c0 {
  display: -webkit-box;
  display: -webkit-flex;
  display: -ms-flexbox;
  display: flex;
  background: #d7dde5;
  -webkit-align-items: center;
  -webkit-box-align: center;
  -ms-flex-align: center;
  align-items: center;
  color: #a0a3aa;
  font-weight: 600;
  border: 1px solid #d7dde5;
  padding: 10px 20px 11px;
  border-radius: 3px;
  height: 1.125rem;
  -webkit-box-pack: center;
  -webkit-justify-content: center;
  -ms-flex-pack: center;
  justify-content: center;
  outline: none;
  -webkit-transition: all 200ms ease;
  transition: all 200ms ease;
  width: 1.125rem;
  cursor: pointer;
  vertical-align: middle;
}

.c0:hover,
.c0:focus {
  -webkit-transform: scale(1.2);
  -ms-transform: scale(1.2);
  transform: scale(1.2);
}

.c0:hover span,
.c0:focus span {
  color: #00aae6;
}

<button
  className="c0"
/>
`;

exports[`Toggle renders correctly 1`] = `
.c0 {
  width: 34px;
  background: #f0f3f6;
  border: 1px solid #d7dde5;
  border-radius: 50px;
  padding: 9px;
  margin: 12px 0;
  -webkit-transition: all ease 500ms;
  transition: all ease 500ms;
  overflow: visible;
}

.c0:checked {
  border: 1px solid #00aae6;
  background: #00aae6;
}

.c0:hover,
.c0:checked:hover {
  background: #00aae60f;
  border: 1px solid #00aae6;
}

.c0::after {
  content: '';
  display: block;
  position: absolute;
  border: 1px solid #d7dde5;
  top: -2px;
  left: -2px;
  width: 20px;
  height: 20px;
  z-index: 2;
  background: #fff;
  border-radius: 50px;
  -webkit-transition: all ease 300ms;
  transition: all ease 300ms;
}

.c0:hover::after {
  border: 1px solid #00aae6;
}

.c0:checked::after {
  left: 13px;
}

<input
  className="c0"
/>
`;
