// Jest Snapshot v1, https://goo.gl/fbAQLP

exports[`Radio renders correctly 1`] = `
.c0 {
  display: inline-block;
}

.c0 > input {
  opacity: 0;
}

.c0 > input + label {
  position: relative;
  padding-left: 1.5rem;
  cursor: pointer;
}

.c0 > input + label::before {
  content: '';
  position: absolute;
  left: -0.61px;
  top: 1px;
  width: 1rem;
  height: 1rem;
  border: 1px solid #d7dde5;
  background: #fff;
  border-radius: 100%;
}

.c0 > input + label::after {
  content: '●';
  position: absolute;
  top: -0.1rem;
  left: 0.09rem;
  font-size: 1.4rem;
  color: #07AAE6;
  -webkit-transition: all 0.2s;
  transition: all 0.2s;
}

.c0 > input:not(:checked) + label::after {
  opacity: 0;
  -webkit-transform: scale(0);
  -ms-transform: scale(0);
  transform: scale(0);
}

.c0 > input:checked + label::before {
  border: 1px solid #07AAE6;
}

.c0 > input:checked + label::after {
  opacity: 1;
  -webkit-transform: scale(1);
  -ms-transform: scale(1);
  transform: scale(1);
}

.c0 > input:disabled:not(:checked) + label {
  color: #c8ccd4;
}

.c0 > input:disabled:not(:checked) + label::before {
  border: 1px solid #d7dde5;
  background: transparent;
}

.c0 > input:disabled:checked + label {
  color: #c8ccd4;
}

.c0 > input:disabled:checked + label::before {
  border: 1px solid #d7dde5;
  background: transparent;
}

.c0 > input:disabled:checked + label::after {
  color: #d7dde5;
  background: transparent;
}

.c0 > input:checked:focus + label::before {
  border: 1px solid #07AAE6;
}

.c0 > input:not(:checked):focus + label::before {
  border: 1px solid #d7dde5;
}

.c1 {
  -webkit-text-decoration: none;
  text-decoration: none;
  font-weight: 300;
  cursor: pointer;
  vertical-align: middle;
  color: #44494e;
  -webkit-transition: all ease 300ms;
  transition: all ease 300ms;
  line-height: 20px;
  position: relative;
  display: -webkit-inline-box;
  display: -webkit-inline-flex;
  display: -ms-inline-flexbox;
  display: inline-flex;
}

.c1:not(:disabled):hover {
  color: #aaadb4;
}

<div
  className="c0"
  style={Object {}}
>
  <input
    disabled={false}
    onBlur={[Function]}
    type="radio"
  />
  <label
    className="c1"
  />
</div>
`;
