// Jest Snapshot v1, https://goo.gl/fbAQLP

exports[`Input renders correctly 1`] = `
.c1 {
  width: 100%;
  vertical-align: middle;
  box-sizing: border-box;
  overflow: hidden;
  outline: none;
  color: #3e4348;
  -webkit-transition: all ease 300ms;
  transition: all ease 300ms;
  background: #fff;
  font-weight: 300;
  padding: 0.375em 0.75em;
  border: 1px solid #d7dde5;
  border-radius: 0.188em;
  font-size: 1rem;
  line-height: 1;
  font-size: 1rem;
  padding: 0.5625rem 0.75rem;
}

.c1:focus {
  border-bottom: 1px solid #07AAE6;
}

.c0 {
  width: 100%;
  position: relative;
}

<div
  className="c0"
  style={Object {}}
>
  
  <input
    className="c1"
    onChange={[Function]}
    size="md"
  />
</div>
`;
