// Jest Snapshot v1, https://goo.gl/fbAQLP

exports[`Input renders correctly 1`] = `
.c0 {
  width: 100%;
  vertical-align: middle;
  box-sizing: border-box;
  overflow: hidden;
  outline: none;
  color: #44494e;
  -webkit-transition: all ease 300ms;
  transition: all ease 300ms;
  background: #fff;
  font-weight: 300;
  border: 1px solid #d7dde5;
  padding: 0.375rem 0.75rem;
  border-radius: 3px;
  font-size: 1rem;
  line-height: 1;
  font-size: 1rem;
  padding: 0.5625rem 0.75rem;
}

.c0:focus {
  border-bottom: 1px solid #07AAE6;
}

<input
  className="c0"
  onChange={[Function]}
  size="md"
  style={Object {}}
/>
`;
