// Jest Snapshot v1, https://goo.gl/fbAQLP

exports[`Button renders correctly 1`] = `
.c0 {
  display: -webkit-box;
  display: -webkit-flex;
  display: -ms-flexbox;
  display: flex;
  background: #d7dde5;
  -webkit-align-items: center;
  -webkit-box-align: center;
  -ms-flex-align: center;
  align-items: center;
  color: #a0a3aa;
  font-weight: 600;
  border: 1px solid #d7dde5;
  padding: 10px 20px 11px;
  border-radius: 3px;
  height: 1.125rem;
  -webkit-box-pack: center;
  -webkit-justify-content: center;
  -ms-flex-pack: center;
  justify-content: center;
  outline: none;
  -webkit-transition: all 200ms ease;
  transition: all 200ms ease;
  width: 1.125rem;
  cursor: pointer;
  vertical-align: middle;
}

.c0:hover,
.c0:focus {
  -webkit-transform: scale(1.2);
  -ms-transform: scale(1.2);
  transform: scale(1.2);
}

.c0:hover span,
.c0:focus span {
  color: #00aae6;
}

<button
  className="c0"
/>
`;
