// Jest Snapshot v1, https://goo.gl/fbAQLP

exports[`Arrow renders correctly 1`] = `
.c0 {
  width: 18px;
  margin: 0 1rem 1rem 1rem;
  text-align: center;
}

.c1 {
  display: inline-block;
  -webkit-transition: all 0.5s ease;
  transition: all 0.5s ease;
  cursor: pointer;
}

<div
  className="c0"
>
  <i
    className="c1"
  />
</div>
`;
