// Jest Snapshot v1, https://goo.gl/fbAQLP

exports[`Accordion renders correctly 1`] = `
.c0 {
  width: 100%;
  position: relative;
  background: #fff;
  border-left: 1px solid #d7dde5;
  box-sizing: border-box;
  border-top: 1px solid #d7dde5;
  overflow-y: hidden;
}

.c4 {
  font-family: Roboto;
  font-weight: 100;
  color: #286090;
  font-size: 1.25rem;
}

.c1 {
  position: relative;
  width: 100%;
  height: 3.5rem;
  box-sizing: border-box;
  overflow: hidden;
  z-index: 10;
  background: #fff;
  -webkit-transition: ease 500ms height;
  transition: ease 500ms height;
}

.c2 {
  margin: 0;
  padding: 0.75rem 3%;
  width: 100%;
  box-sizing: border-box;
  background: #fff;
  border-bottom: 1px solid #F6F8FB;
  display: -webkit-box;
  display: -webkit-flex;
  display: -ms-flexbox;
  display: flex;
  -webkit-box-pack: justify;
  -webkit-justify-content: space-between;
  -ms-flex-pack: justify;
  justify-content: space-between;
  -webkit-align-items: center;
  -webkit-box-align: center;
  -ms-flex-align: center;
  align-items: center;
}

.c3 {
  font-weight: 100;
  color: #44494e;
  margin: 0;
  cursor: pointer;
  display: inline;
}

.c5 {
  display: inline-block;
  font-size: 1rem;
  color: #07AAE6;
}

.c6 {
  padding: 0.625rem 6% 26px;
}

<div
  className="c0"
>
  <div
    className="c1"
  >
    <header
      className="c2"
      onClick={[Function]}
    >
      <h6
        className="c3 c4"
        color=""
        style={Object {}}
      >
        Accordion
      </h6>
      <span
        aria-hidden={true}
        className="fa fa- c5"
      />
    </header>
    <div
      className="c6"
    >
      <div>
        Lorem Ipsum
      </div>
    </div>
  </div>
</div>
`;
